resolving tickers -> CIK ...
  NVDA   CIK 0001045810   25 matching 8-K  -> 17 saved
      TSM 000104617926000381: no release found among 3 document(s): 0001046179-26-000381-index-headers.html, 0001046179-26-000381-index.html, 0001046179-26-000381.txt
      TSM 000104617926000294: no release found among 3 document(s): 0001046179-26-000294-index-headers.html, 0001046179-26-000294-index.html, 0001046179-26-000294.txt
      TSM 000104617926000203: no release found among 3 document(s): 0001046179-26-000203-index-headers.html, 0001046179-26-000203-index.html, 0001046179-26-000203.txt
      TSM 000104617926000076: no release found among 3 document(s): 0001046179-26-000076-index-headers.html, 0001046179-26-000076-index.html, 0001046179-26-000076.txt
      TSM 000104617926000027: no release found among 3 document(s): 0001046179-26-000027-index-headers.html, 0001046179-26-000027-index.html, 0001046179-26-000027.txt
      TSM 000104617926000019: no release found among 3 document(s): 0001046179-26-000019-index-headers.html, 0001046179-26-000019-index.html, 0001046179-26-000019.txt
      TSM 000104617926000012: no release found among 3 document(s): 0001046179-26-000012-index-headers.html, 0001046179-26-000012-index.html, 0001046179-26-000012.txt
      TSM 000104617926000010: no release found among 3 document(s): 0001046179-26-000010-index-headers.html, 0001046179-26-000010-index.html, 0001046179-26-000010.txt
      TSM 000104617926000002: no release found among 3 document(s): 0001046179-26-000002-index-headers.html, 0001046179-26-000002-index.html, 0001046179-26-000002.txt
      TSM 000104617925000140: no release found among 3 document(s): 0001046179-25-000140-index-headers.html, 0001046179-25-000140-index.html, 0001046179-25-000140.txt
      TSM 000104617925000135: no release found among 3 document(s): 0001046179-25-000135-index-headers.html, 0001046179-25-000135-index.html, 0001046179-25-000135.txt
      TSM 000104617925000121: no release found among 3 document(s): 0001046179-25-000121-index-headers.html, 0001046179-25-000121-index.html, 0001046179-25-000121.txt
      TSM 000104617925000107: no release found among 3 document(s): 0001046179-25-000107-index-headers.html, 0001046179-25-000107-index.html, 0001046179-25-000107.txt
      TSM 000104617925000103: no release found among 3 document(s): 0001046179-25-000103-index-headers.html, 0001046179-25-000103-index.html, 0001046179-25-000103.txt
      TSM 000104617925000101: no release found among 3 document(s): 0001046179-25-000101-index-headers.html, 0001046179-25-000101-index.html, 0001046179-25-000101.txt
      TSM 000104617925000095: no release found among 3 document(s): 0001046179-25-000095-index-headers.html, 0001046179-25-000095-index.html, 0001046179-25-000095.txt
      TSM 000104617925000089: no release found among 3 document(s): 0001046179-25-000089-index-headers.html, 0001046179-25-000089-index.html, 0001046179-25-000089.txt
      TSM 000104617925000078: no release found among 3 document(s): 0001046179-25-000078-index-headers.html, 0001046179-25-000078-index.html, 0001046179-25-000078.txt
      TSM 000104617925000065: no release found among 3 document(s): 0001046179-25-000065-index-headers.html, 0001046179-25-000065-index.html, 0001046179-25-000065.txt
      TSM 000104617925000062: no release found among 3 document(s): 0001046179-25-000062-index-headers.html, 0001046179-25-000062-index.html, 0001046179-25-000062.txt
      TSM 000104617925000060: no release found among 3 document(s): 0001046179-25-000060-index-headers.html, 0001046179-25-000060-index.html, 0001046179-25-000060.txt
      TSM 000104617925000039: no release found among 3 document(s): 0001046179-25-000039-index-headers.html, 0001046179-25-000039-index.html, 0001046179-25-000039.txt
      TSM 000104617925000028: no release found among 3 document(s): 0001046179-25-000028-index-headers.html, 0001046179-25-000028-index.html, 0001046179-25-000028.txt
      TSM 000104617925000017: no release found among 3 document(s): 0001046179-25-000017-index-headers.html, 0001046179-25-000017-index.html, 0001046179-25-000017.txt
      TSM 000104617925000010: no release found among 3 document(s): 0001046179-25-000010-index-headers.html, 0001046179-25-000010-index.html, 0001046179-25-000010.txt
      TSM 000104617925000008: no release found among 3 document(s): 0001046179-25-000008-index-headers.html, 0001046179-25-000008-index.html, 0001046179-25-000008.txt
      TSM 000104617925000006: no release found among 3 document(s): 0001046179-25-000006-index-headers.html, 0001046179-25-000006-index.html, 0001046179-25-000006.txt
      TSM 000104617924000135: no release found among 3 document(s): 0001046179-24-000135-index-headers.html, 0001046179-24-000135-index.html, 0001046179-24-000135.txt
      TSM 000104617924000120: no release found among 3 document(s): 0001046179-24-000120-index-headers.html, 0001046179-24-000120-index.html, 0001046179-24-000120.txt
      TSM 000104617924000112: no release found among 3 document(s): 0001046179-24-000112-index-headers.html, 0001046179-24-000112-index.html, 0001046179-24-000112.txt
      TSM 000104617924000110: no release found among 3 document(s): 0001046179-24-000110-index-headers.html, 0001046179-24-000110-index.html, 0001046179-24-000110.txt
      TSM 000104617924000104: no release found among 3 document(s): 0001046179-24-000104-index-headers.html, 0001046179-24-000104-index.html, 0001046179-24-000104.txt
      TSM 000104617924000102: no release found among 3 document(s): 0001046179-24-000102-index-headers.html, 0001046179-24-000102-index.html, 0001046179-24-000102.txt
      TSM 000104617924000087: no release found among 3 document(s): 0001046179-24-000087-index-headers.html, 0001046179-24-000087-index.html, 0001046179-24-000087.txt
      TSM 000104617924000074: no release found among 3 document(s): 0001046179-24-000074-index-headers.html, 0001046179-24-000074-index.html, 0001046179-24-000074.txt
      TSM 000104617924000068: no release found among 3 document(s): 0001046179-24-000068-index-headers.html, 0001046179-24-000068-index.html, 0001046179-24-000068.txt
      TSM 000104617924000054: no release found among 3 document(s): 0001046179-24-000054-index-headers.html, 0001046179-24-000054-index.html, 0001046179-24-000054.txt
      TSM 000104617924000050: no release found among 3 document(s): 0001046179-24-000050-index-headers.html, 0001046179-24-000050-index.html, 0001046179-24-000050.txt
      TSM 000104617924000044: no release found among 3 document(s): 0001046179-24-000044-index-headers.html, 0001046179-24-000044-index.html, 0001046179-24-000044.txt
      TSM 000104617924000040: no release found among 3 document(s): 0001046179-24-000040-index-headers.html, 0001046179-24-000040-index.html, 0001046179-24-000040.txt
      TSM 000104617924000038: no release found among 3 document(s): 0001046179-24-000038-index-headers.html, 0001046179-24-000038-index.html, 0001046179-24-000038.txt
      TSM 000104617924000036: no release found among 3 document(s): 0001046179-24-000036-index-headers.html, 0001046179-24-000036-index.html, 0001046179-24-000036.txt
      TSM 000104617924000034: no release found among 3 document(s): 0001046179-24-000034-index-headers.html, 0001046179-24-000034-index.html, 0001046179-24-000034.txt
      TSM 000104617924000030: no release found among 3 document(s): 0001046179-24-000030-index-headers.html, 0001046179-24-000030-index.html, 0001046179-24-000030.txt
      TSM 000104617924000028: no release found among 3 document(s): 0001046179-24-000028-index-headers.html, 0001046179-24-000028-index.html, 0001046179-24-000028.txt
      TSM 000104617924000022: no release found among 3 document(s): 0001046179-24-000022-index-headers.html, 0001046179-24-000022-index.html, 0001046179-24-000022.txt
      TSM 000104617924000016: no release found among 3 document(s): 0001046179-24-000016-index-headers.html, 0001046179-24-000016-index.html, 0001046179-24-000016.txt
      TSM 000104617924000008: no release found among 3 document(s): 0001046179-24-000008-index-headers.html, 0001046179-24-000008-index.html, 0001046179-24-000008.txt
      TSM 000104617923000027: no release found among 3 document(s): 0001046179-23-000027-index-headers.html, 0001046179-23-000027-index.html, 0001046179-23-000027.txt
      TSM 000104617923000016: no release found among 3 document(s): 0001046179-23-000016-index-headers.html, 0001046179-23-000016-index.html, 0001046179-23-000016.txt
      TSM 000162828023030593: no release found among 3 document(s): 0001628280-23-030593-index-headers.html, 0001628280-23-030593-index.html, 0001628280-23-030593.txt
      TSM 000162828023030043: no release found among 3 document(s): 0001628280-23-030043-index-headers.html, 0001628280-23-030043-index.html, 0001628280-23-030043.txt
      TSM 000162828023020208: no release found among 3 document(s): 0001628280-23-020208-index-headers.html, 0001628280-23-020208-index.html, 0001628280-23-020208.txt
      TSM 000162828023019648: no release found among 3 document(s): 0001628280-23-019648-index-headers.html, 0001628280-23-019648-index.html, 0001628280-23-019648.txt
      TSM 000156459023003858: no release found among 3 document(s): 0001564590-23-003858-index-headers.html, 0001564590-23-003858-index.html, 0001564590-23-003858.txt
      TSM 000156459023002825: no release found among 3 document(s): 0001564590-23-002825-index-headers.html, 0001564590-23-002825-index.html, 0001564590-23-002825.txt
      TSM 000156459023002144: no release found among 3 document(s): 0001564590-23-002144-index-headers.html, 0001564590-23-002144-index.html, 0001564590-23-002144.txt
      TSM 000156459023000489: no release found among 3 document(s): 0001564590-23-000489-index-headers.html, 0001564590-23-000489-index.html, 0001564590-23-000489.txt
      TSM 000156459022039693: no release found among 3 document(s): 0001564590-22-039693-index-headers.html, 0001564590-22-039693-index.html, 0001564590-22-039693.txt
      TSM 000156459022035784: no release found among 3 document(s): 0001564590-22-035784-index-headers.html, 0001564590-22-035784-index.html, 0001564590-22-035784.txt
      TSM 000156459022029014: no release found among 3 document(s): 0001564590-22-029014-index-headers.html, 0001564590-22-029014-index.html, 0001564590-22-029014.txt
      TSM 000156459022026280: no release found among 3 document(s): 0001564590-22-026280-index-headers.html, 0001564590-22-026280-index.html, 0001564590-22-026280.txt
      TSM 000119312522108102: no release found among 3 document(s): 0001193125-22-108102-index-headers.html, 0001193125-22-108102-index.html, 0001193125-22-108102.txt
      TSM 000156459022010954: no release found among 3 document(s): 0001564590-22-010954-index-headers.html, 0001564590-22-010954-index.html, 0001564590-22-010954.txt
      TSM 000119312521306139: no release found among 3 document(s): 0001193125-21-306139-index-headers.html, 0001193125-21-306139-index.html, 0001193125-21-306139.txt
      TSM 000119312521305980: no release found among 3 document(s): 0001193125-21-305980-index-headers.html, 0001193125-21-305980-index.html, 0001193125-21-305980.txt
      TSM 000156459021051613: no release found among 3 document(s): 0001564590-21-051613-index-headers.html, 0001564590-21-051613-index.html, 0001564590-21-051613.txt
      TSM 000119312521303164: no release found among 3 document(s): 0001193125-21-303164-index-headers.html, 0001193125-21-303164-index.html, 0001193125-21-303164.txt
      TSM 000119312521301181: no release found among 3 document(s): 0001193125-21-301181-index-headers.html, 0001193125-21-301181-index.html, 0001193125-21-301181.txt
      TSM 000156459021036225: no release found among 3 document(s): 0001564590-21-036225-index-headers.html, 0001564590-21-036225-index.html, 0001564590-21-036225.txt
      TSM 000156459021036216: no release found among 3 document(s): 0001564590-21-036216-index-headers.html, 0001564590-21-036216-index.html, 0001564590-21-036216.txt
      TSM 000156459021033442: no release found among 3 document(s): 0001564590-21-033442-index-headers.html, 0001564590-21-033442-index.html, 0001564590-21-033442.txt
      TSM 000156459021029173: no release found among 3 document(s): 0001564590-21-029173-index-headers.html, 0001564590-21-029173-index.html, 0001564590-21-029173.txt
      TSM 000156459021017172: no release found among 3 document(s): 0001564590-21-017172-index-headers.html, 0001564590-21-017172-index.html, 0001564590-21-017172.txt
      TSM 000156459021014465: no release found among 3 document(s): 0001564590-21-014465-index-headers.html, 0001564590-21-014465-index.html, 0001564590-21-014465.txt
      TSM 000156459020033315: no release found among 3 document(s): 0001564590-20-033315-index-headers.html, 0001564590-20-033315-index.html, 0001564590-20-033315.txt
      TSM 000156459020033310: no release found among 3 document(s): 0001564590-20-033310-index-headers.html, 0001564590-20-033310-index.html, 0001564590-20-033310.txt
      TSM 000156459020018323: no release found among 3 document(s): 0001564590-20-018323-index-headers.html, 0001564590-20-018323-index.html, 0001564590-20-018323.txt
      TSM 000156459020012093: no release found among 3 document(s): 0001564590-20-012093-index-headers.html, 0001564590-20-012093-index.html, 0001564590-20-012093.txt
      TSM 000156459020011523: no release found among 3 document(s): 0001564590-20-011523-index-headers.html, 0001564590-20-011523-index.html, 0001564590-20-011523.txt
      TSM 000156459020001554: no release found among 3 document(s): 0001564590-20-001554-index-headers.html, 0001564590-20-001554-index.html, 0001564590-20-001554.txt
      TSM 000156459019046991: no release found among 3 document(s): 0001564590-19-046991-index-headers.html, 0001564590-19-046991-index.html, 0001564590-19-046991.txt
      TSM 000119312519254066: no release found among 3 document(s): 0001193125-19-254066-index-headers.html, 0001193125-19-254066-index.html, 0001193125-19-254066.txt
      TSM 000119312519227249: no release found among 3 document(s): 0001193125-19-227249-index-headers.html, 0001193125-19-227249-index.html, 0001193125-19-227249.txt
      TSM 000119312519201772: no release found among 3 document(s): 0001193125-19-201772-index-headers.html, 0001193125-19-201772-index.html, 0001193125-19-201772.txt
      TSM 000119312519187592: no release found among 3 document(s): 0001193125-19-187592-index-headers.html, 0001193125-19-187592-index.html, 0001193125-19-187592.txt
      TSM 000119312519180618: no release found among 3 document(s): 0001193125-19-180618-index-headers.html, 0001193125-19-180618-index.html, 0001193125-19-180618.txt
      TSM 000119312519155940: no release found among 3 document(s): 0001193125-19-155940-index-headers.html, 0001193125-19-155940-index.html, 0001193125-19-155940.txt
      TSM 000119312519117812: no release found among 3 document(s): 0001193125-19-117812-index-headers.html, 0001193125-19-117812-index.html, 0001193125-19-117812.txt
      TSM 000119312519084266: no release found among 3 document(s): 0001193125-19-084266-index-headers.html, 0001193125-19-084266-index.html, 0001193125-19-084266.txt
      TSM 000119312519077389: no release found among 3 document(s): 0001193125-19-077389-index-headers.html, 0001193125-19-077389-index.html, 0001193125-19-077389.txt
      TSM 000119312519048915: no release found among 3 document(s): 0001193125-19-048915-index-headers.html, 0001193125-19-048915-index.html, 0001193125-19-048915.txt
  TSM    CIK 0001046179  400 matching 6-K  -> 266 saved
      ASML 000093796624000024: no release found among 4 document(s): 0000937966-24-000024-index-headers.html, 0000937966-24-000024-index.html, 0000937966-24-000024.txt, pressreleaseinvestorday2024.htm
      ASML 000119312522282132: no release found among 4 document(s): 0001193125-22-282132-index-headers.html, 0001193125-22-282132-index.html, 0001193125-22-282132.txt, d308550dex991.htm
      ASML 000119312522133140: no release found among 4 document(s): 0001193125-22-133140-index-headers.html, 0001193125-22-133140-index.html, 0001193125-22-133140.txt, d193000dex991.htm
      ASML 000119312522130159: no release found among 4 document(s): 0001193125-22-130159-index-headers.html, 0001193125-22-130159-index.html, 0001193125-22-130159.txt, d750867dex991.htm
      ASML 000119312522011881: no release found among 4 document(s): 0001193125-22-011881-index-headers.html, 0001193125-22-011881-index.html, 0001193125-22-011881.txt, d180474dex991.htm
      ASML 000119312522004166: no release found among 3 document(s): 0001193125-22-004166-index-headers.html, 0001193125-22-004166-index.html, 0001193125-22-004166.txt
      ASML 000119312521314418: no release found among 4 document(s): 0001193125-21-314418-index-headers.html, 0001193125-21-314418-index.html, 0001193125-21-314418.txt, d210561dex991.htm
      ASML 000119312521285965: no release found among 4 document(s): 0001193125-21-285965-index-headers.html, 0001193125-21-285965-index.html, 0001193125-21-285965.txt, d234184dex991.htm
      ASML 000119312521255123: no release found among 4 document(s): 0001193125-21-255123-index-headers.html, 0001193125-21-255123-index.html, 0001193125-21-255123.txt, d126433dex991.htm
      ASML 000119312521156134: no release found among 5 document(s): 0001193125-21-156134-index-headers.html, 0001193125-21-156134-index.html, 0001193125-21-156134.txt, d881509dex991.htm, d881509dex992.htm
      ASML 000119312520127508: no release found among 3 document(s): 0001193125-20-127508-index-headers.html, 0001193125-20-127508-index.html, 0001193125-20-127508.txt
      ASML 000119312520089921: no release found among 5 document(s): 0001193125-20-089921-index-headers.html, 0001193125-20-089921-index.html, 0001193125-20-089921.txt, d912704dex991.htm, d912704dex992.htm
      ASML 000119312520051179: no release found among 5 document(s): 0001193125-20-051179-index-headers.html, 0001193125-20-051179-index.html, 0001193125-20-051179.txt, d893761dex991.htm, d893761dex992.htm
      ASML 000119312519163369: no release found among 4 document(s): 0001193125-19-163369-index-headers.html, 0001193125-19-163369-index.html, 0001193125-19-163369.txt, d713687dex991.htm
      ASML 000119312519130761: no release found among 7 document(s): 0001193125-19-130761-index-headers.html, 0001193125-19-130761-index.html, 0001193125-19-130761.txt, d738695dex991.htm, d738695dex992.htm, d738695dex993.htm, d738695dex994.htm
      ASML 000119312519014363: no release found among 4 document(s): 0001193125-19-014363-index-headers.html, 0001193125-19-014363-index.html, 0001193125-19-014363.txt, d660287dex991.htm
      ASML 000119312518340472: no release found among 4 document(s): 0001193125-18-340472-index-headers.html, 0001193125-18-340472-index.html, 0001193125-18-340472.txt, d664597dex991.htm
      ASML 000119312518321882: no release found among 4 document(s): 0001193125-18-321882-index-headers.html, 0001193125-18-321882-index.html, 0001193125-18-321882.txt, d649964dex991.htm
      ASML 000134100418000244: no release found among 5 document(s): 0001341004-18-000244-index-headers.html, 0001341004-18-000244-index.html, 0001341004-18-000244.txt, ex99-1.htm, ex99-2.htm
      ASML 000134100418000151: no release found among 4 document(s): 0001341004-18-000151-index-headers.html, 0001341004-18-000151-index.html, 0001341004-18-000151.txt, ex99-1.htm
      ASML 000134100418000032: no release found among 4 document(s): 0001341004-18-000032-index-headers.html, 0001341004-18-000032-index.html, 0001341004-18-000032.txt, ex99-1.htm
      ASML 000134100417000483: no release found among 6 document(s): 0001341004-17-000483-index-headers.html, 0001341004-17-000483-index.html, 0001341004-17-000483.txt, ex99-1.htm, ex99-2.htm, ex99-3.htm
      ASML 000119312513394177: no release found among 7 document(s): 0001193125-13-394177-index-headers.html, 0001193125-13-394177-index.html, 0001193125-13-394177.txt, d609678dex991.htm, d609678dex992.htm, d609678dex993.htm, d609678dex994.htm
        notes: 0001193125-13-394177-index-headers.html:fetch-failed:RuntimeError
      ASML 000095012311000900: no release found among 4 document(s): 0000950123-11-000900-index-headers.html, 0000950123-11-000900-index.html, 0000950123-11-000900.txt, u10353exv99w1.htm
        notes: 0000950123-11-000900-index-headers.html:fetch-failed:RuntimeError
      ASML 000115697308000014: no release found among 5 document(s): 0001156973-08-000014-index-headers.html, 0001156973-08-000014-index.html, 0001156973-08-000014.txt, u54526exv99w1.htm, u54526exv99w2.htm
        notes: 0001156973-08-000014-index-headers.html:fetch-failed:RuntimeError
      ASML 000115697307000960: no release found among 4 document(s): 0001156973-07-000960-index-headers.html, 0001156973-07-000960-index.html, 0001156973-07-000960.txt, u52925exv99w1.htm
        notes: 0001156973-07-000960-index-headers.html:fetch-failed:RuntimeError
      ASML 000115697307000769: no release found among 4 document(s): 0001156973-07-000769-index-headers.html, 0001156973-07-000769-index.html, 0001156973-07-000769.txt, u52594exv99w1.htm
        notes: 0001156973-07-000769-index-headers.html:fetch-failed:RuntimeError
      ASML 000134100406002469: no release found among 4 document(s): 0001341004-06-002469-index-headers.html, 0001341004-06-002469-index.html, 0001341004-06-002469.txt, exhibit_99-1.htm
        notes: 0001341004-06-002469-index-headers.html:fetch-failed:RuntimeError
      ASML 000134100406000588: no release found among 5 document(s): 0001341004-06-000588-index-headers.html, 0001341004-06-000588-index.html, 0001341004-06-000588.txt, pressrelease1.htm, pressrelease2.htm
        notes: 0001341004-06-000588-index-headers.html:fetch-failed:RuntimeError
      ASML 000134100406000076: no release found among 4 document(s): 0001341004-06-000076-index-headers.html, 0001341004-06-000076-index.html, 0001341004-06-000076.txt, exhibit99_1.htm
        notes: 0001341004-06-000076-index-headers.html:fetch-failed:RuntimeError
      ASML 000095017205002052: no release found among 3 document(s): 0000950172-05-002052-index-headers.html, 0000950172-05-002052-index.html, 0000950172-05-002052.txt
        notes: 0000950172-05-002052-index-headers.html:fetch-failed:RuntimeError
      ASML 000095017205000766: no release found among 3 document(s): 0000950172-05-000766-index-headers.html, 0000950172-05-000766-index.html, 0000950172-05-000766.txt
        notes: 0000950172-05-000766-index-headers.html:fetch-failed:RuntimeError
      ASML 000095017205000547: no release found among 3 document(s): 0000950172-05-000547-index-headers.html, 0000950172-05-000547-index.html, 0000950172-05-000547.txt
        notes: 0000950172-05-000547-index-headers.html:fetch-failed:RuntimeError
      ASML 000095017205000109: no release found among 5 document(s): 0000950172-05-000109-index-headers.html, 0000950172-05-000109-index.html, 0000950172-05-000109.txt, lon399599.htm, lon399600.htm
        notes: 0000950172-05-000109-index-headers.html:fetch-failed:RuntimeError
      ASML 000095017204002882: no release found among 4 document(s): 0000950172-04-002882-index-headers.html, 0000950172-04-002882-index.html, 0000950172-04-002882.txt, asmlpr.htm
        notes: 0000950172-04-002882-index-headers.html:fetch-failed:RuntimeError
      ASML 000095017204002527: no release found among 6 document(s): 0000950172-04-002527-index-headers.html, 0000950172-04-002527-index.html, 0000950172-04-002527.txt, lon387848_ex99-1.htm, lon387848_ex99-2.htm, lon387848_ex99-3.htm
        notes: 0000950172-04-002527-index-headers.html:fetch-failed:RuntimeError
      ASML 000095017204002134: no release found among 5 document(s): 0000950172-04-002134-index-headers.html, 0000950172-04-002134-index.html, 0000950172-04-002134.txt, lonex991a.htm, lonex992a.htm
        notes: 0000950172-04-002134-index-headers.html:fetch-failed:RuntimeError
      ASML 000095017204002099: no release found among 4 document(s): 0000950172-04-002099-index-headers.html, 0000950172-04-002099-index.html, 0000950172-04-002099.txt, lon376071.htm
        notes: 0000950172-04-002099-index-headers.html:fetch-failed:RuntimeError
      ASML 000095017204001649: no release found among 4 document(s): 0000950172-04-001649-index-headers.html, 0000950172-04-001649-index.html, 0000950172-04-001649.txt, asml_6kpress.htm
        notes: 0000950172-04-001649-index-headers.html:fetch-failed:RuntimeError
      ASML 000095017204001449: no release found among 4 document(s): 0000950172-04-001449-index-headers.html, 0000950172-04-001449-index.html, 0000950172-04-001449.txt, asml99.htm
        notes: 0000950172-04-001449-index-headers.html:fetch-failed:RuntimeError
      ASML 000095017204001438: no release found among 4 document(s): 0000950172-04-001438-index-headers.html, 0000950172-04-001438-index.html, 0000950172-04-001438.txt, asml99_1.htm
        notes: 0000950172-04-001438-index-headers.html:fetch-failed:RuntimeError
      ASML 000095017204001112: no release found among 5 document(s): 0000950172-04-001112-index-headers.html, 0000950172-04-001112-index.html, 0000950172-04-001112.txt, asmlex991.txt, q1slides.txt
        notes: 0000950172-04-001112-index-headers.html:fetch-failed:RuntimeError
      ASML 000095017204000676: no release found among 6 document(s): 0000950172-04-000676-index-headers.html, 0000950172-04-000676-index.html, 0000950172-04-000676.txt, lon346203a.htm, lon346203b.htm, lon346203c.htm
        notes: 0000950172-04-000676-index-headers.html:fetch-failed:RuntimeError
      ASML 000095017204000385: no release found among 6 document(s): 0000950172-04-000385-index-headers.html, 0000950172-04-000385-index.html, 0000950172-04-000385.txt, lonex991.txt, lonex992.txt, lonex993.txt
        notes: 0000950172-04-000385-index-headers.html:fetch-failed:RuntimeError
      ASML 000095017204000038: no release found among 8 document(s): 0000950172-04-000038-index-headers.html, 0000950172-04-000038-index.html, 0000950172-04-000038.txt, asmlex1.txt, asmlex2.txt, asmlex3.txt, asmlex4.txt, asml_slides.txt
        notes: 0000950172-04-000038-index-headers.html:fetch-failed:RuntimeError
      ASML 000095017203002954: no release found among 4 document(s): 0000950172-03-002954-index-headers.html, 0000950172-03-002954-index.html, 0000950172-03-002954.txt, lon284080a.txt
        notes: 0000950172-03-002954-index-headers.html:fetch-failed:RuntimeError
      ASML 000095017203002776: no release found among 6 document(s): 0000950172-03-002776-index-headers.html, 0000950172-03-002776-index.html, 0000950172-03-002776.txt, ex9916k.txt, ex9926k.txt, ex9936k.txt
        notes: 0000950172-03-002776-index-headers.html:fetch-failed:RuntimeError
      ASML 000095017203002523: no release found among 7 document(s): 0000950172-03-002523-index-headers.html, 0000950172-03-002523-index.html, 0000950172-03-002523.txt, lon275109.txt, lon275358.txt, lonexh991.txt, lonexh992.txt
        notes: 0000950172-03-002523-index-headers.html:fetch-failed:RuntimeError
      ASML 000095017203002237: no release found among 7 document(s): 0000950172-03-002237-index-headers.html, 0000950172-03-002237-index.html, 0000950172-03-002237.txt, asml994.txt, asmlex992.txt, lon270984.txt, lonms993.txt
        notes: 0000950172-03-002237-index-headers.html:fetch-failed:RuntimeError
      ASML 000095017203001523: no release found among 6 document(s): 0000950172-03-001523-index-headers.html, 0000950172-03-001523-index.html, 0000950172-03-001523.txt, asm.txt, exh99_1.txt, exh99_2.txt
        notes: 0000950172-03-001523-index-headers.html:fetch-failed:RuntimeError
      ASML 000095017203001508: no release found among 6 document(s): 0000950172-03-001508-index-headers.html, 0000950172-03-001508-index.html, 0000950172-03-001508.txt, as99.txt, asml2.txt, asml3.txt
        notes: 0000950172-03-001508-index-headers.html:fetch-failed:RuntimeError
      ASML 000095017203001089: no release found among 5 document(s): 0000950172-03-001089-index-headers.html, 0000950172-03-001089-index.html, 0000950172-03-001089.txt, lon991.txt, lon992.txt
        notes: 0000950172-03-001089-index-headers.html:fetch-failed:RuntimeError
      ASML 000095017203000972: no release found among 4 document(s): 0000950172-03-000972-index-headers.html, 0000950172-03-000972-index.html, 0000950172-03-000972.txt, lonexh.txt
        notes: 0000950172-03-000972-index-headers.html:fetch-failed:RuntimeError
      ASML 000095017203000544: no release found among 5 document(s): 0000950172-03-000544-index-headers.html, 0000950172-03-000544-index.html, 0000950172-03-000544.txt, lon248281.txt, lon248283.txt
        notes: 0000950172-03-000544-index-headers.html:fetch-failed:RuntimeError
      ASML 000095017203000063: no release found among 4 document(s): 0000950172-03-000063-index-headers.html, 0000950172-03-000063-index.html, 0000950172-03-000063.txt, lonexh99.txt
        notes: 0000950172-03-000063-index-headers.html:fetch-failed:RuntimeError
      ASML 000095017202002788: no release found among 4 document(s): 0000950172-02-002788-index-headers.html, 0000950172-02-002788-index.html, 0000950172-02-002788.txt, lon241759.txt
        notes: 0000950172-02-002788-index-headers.html:fetch-failed:RuntimeError
      ASML 000095017202002660: no release found among 4 document(s): 0000950172-02-002660-index-headers.html, 0000950172-02-002660-index.html, 0000950172-02-002660.txt, exhi99.txt
        notes: 0000950172-02-002660-index-headers.html:fetch-failed:RuntimeError
      ASML 000095017202002347: no release found among 4 document(s): 0000950172-02-002347-index-headers.html, 0000950172-02-002347-index.html, 0000950172-02-002347.txt, s202902.txt
        notes: 0000950172-02-002347-index-headers.html:fetch-failed:RuntimeError
      ASML 000095017202002151: no release found among 6 document(s): 0000950172-02-002151-index-headers.html, 0000950172-02-002151-index.html, 0000950172-02-002151.txt, asml.txt, lon229966.txt, lon229969.txt
        notes: 0000950172-02-002151-index-headers.html:fetch-failed:RuntimeError
      ASML 000095017202002057: no release found among 4 document(s): 0000950172-02-002057-index-headers.html, 0000950172-02-002057-index.html, 0000950172-02-002057.txt, s228621.txt
        notes: 0000950172-02-002057-index-headers.html:fetch-failed:RuntimeError
      ASML 000095017202002011: no release found among 5 document(s): 0000950172-02-002011-index-headers.html, 0000950172-02-002011-index.html, 0000950172-02-002011.txt, asmljapanpr.txt, asmlslide.txt
        notes: 0000950172-02-002011-index-headers.html:fetch-failed:RuntimeError
      ASML 999999999702041305: no release found among 3 document(s): 9999999997-02-041305-index-headers.html, 9999999997-02-041305-index.html, 9999999997-02-041305.txt
        notes: 9999999997-02-041305-index-headers.html:fetch-failed:RuntimeError
      ASML 999999999702042499: no release found among 3 document(s): 9999999997-02-042499-index-headers.html, 9999999997-02-042499-index.html, 9999999997-02-042499.txt
        notes: 9999999997-02-042499-index-headers.html:fetch-failed:RuntimeError
      ASML 999999999702034633: no release found among 3 document(s): 9999999997-02-034633-index-headers.html, 9999999997-02-034633-index.html, 9999999997-02-034633.txt
        notes: 9999999997-02-034633-index-headers.html:fetch-failed:RuntimeError
      ASML 999999999702028524: no release found among 3 document(s): 9999999997-02-028524-index-headers.html, 9999999997-02-028524-index.html, 9999999997-02-028524.txt
        notes: 9999999997-02-028524-index-headers.html:fetch-failed:RuntimeError
      ASML 999999999702022345: no release found among 3 document(s): 9999999997-02-022345-index-headers.html, 9999999997-02-022345-index.html, 9999999997-02-022345.txt
        notes: 9999999997-02-022345-index-headers.html:fetch-failed:RuntimeError
      ASML 999999999702014674: no release found among 3 document(s): 9999999997-02-014674-index-headers.html, 9999999997-02-014674-index.html, 9999999997-02-014674.txt
        notes: 9999999997-02-014674-index-headers.html:fetch-failed:RuntimeError
      ASML 999999999702010438: no release found among 3 document(s): 9999999997-02-010438-index-headers.html, 9999999997-02-010438-index.html, 9999999997-02-010438.txt
        notes: 9999999997-02-010438-index-headers.html:fetch-failed:RuntimeError
      ASML 999999999702008643: no release found among 3 document(s): 9999999997-02-008643-index-headers.html, 9999999997-02-008643-index.html, 9999999997-02-008643.txt
        notes: 9999999997-02-008643-index-headers.html:fetch-failed:RuntimeError
  ASML   CIK 0000937966  361 matching 6-K  -> 271 saved
  MU     CIK 0000723125   36 matching 8-K  -> 13 saved
  INTC   CIK 0000050863   31 matching 8-K  -> 23 saved
  MSFT   CIK 0000789019   25 matching 8-K  -> 0 saved
  ORCL   CIK 0001341439   43 matching 8-K  -> 18 saved
      TSLA 000156459019024414: no release found among 4 document(s): 0001564590-19-024414-index-headers.html, 0001564590-19-024414-index.html, 0001564590-19-024414.txt, tsla-ex991_14.htm
      TSLA 000156459019010743: no release found among 4 document(s): 0001564590-19-010743-index-headers.html, 0001564590-19-010743-index.html, 0001564590-19-010743.txt, tsla-ex991_6.htm
      TSLA 000156459018023815: no release found among 4 document(s): 0001564590-18-023815-index-headers.html, 0001564590-18-023815-index.html, 0001564590-18-023815.txt, tsla-ex991_6.htm
      TSLA 000156459018023716: no release found among 4 document(s): 0001564590-18-023716-index-headers.html, 0001564590-18-023716-index.html, 0001564590-18-023716.txt, tsla-ex991_6.htm
  TSLA   CIK 0001318605   68 matching 8-K  -> 52 saved
  LMT    CIK 0000936468   43 matching 8-K  -> 19 saved

8-K: 679 documents -> data_provenance/docs/earnings_8k/
  165 filing(s) REJECTED as cover-page-only (no reported figures found):
    TSM 20260702, TSM 20260527, TSM 20260417, TSM 20260317, TSM 20260302, TSM 20260210, TSM 20260123, TSM 20260123, TSM 20260106, TSM 20251219, TSM 20251126, TSM 20251105 ...
  These are counted, not silently dropped. A high count means the exhibit fetch is failing, not that the filings are empty.
  Item 2.02 = results of operations. The release TEXT comes from
  EX-99 exhibits; the primary document is a cover page and carries
  no figures. Each file records which exhibits it was built from.
  Filed date is the PUBLIC date, which is the correct event date.
