==============================================================================
FINE LAMBDA SWEEP -- EXPLORATORY, POST-HOC, NO REGISTERED CRITERION
==============================================================================
  Mapping the unexplained interior dip at the incumbent lambda.
  Nothing here may be promoted to a model, a rung, or a claim.

  11 lambdas, 1000 permutations each (~22 minutes)
  registered rung reference points:
    HL    2y  = lambda 0.001375
    HL    4y  = lambda 0.000688
    HL    8y  = lambda 0.000344
    HL   16y  = lambda 0.000172
    INCUMBENT = lambda 0.000800  (HL 3.438y)

      lambda   HL (y)                           ALL                  LONG-HISTORY
    0.000400    6.876  Sh +0.4300 p 0.0010  Sh +0.2400 p 0.0519
    0.000500    5.501  Sh +0.5000 p 0.0010  Sh +0.2800 p 0.0230
    0.000600    4.584  Sh +0.5200 p 0.0010  Sh +0.2900 p 0.0140
    0.000700    3.929  Sh +0.5300 p 0.0010  Sh +0.3000 p 0.0120
    0.000800    3.438  Sh +0.5200 p 0.0010  Sh +0.2500 p 0.0370  <- INCUMBENT
    0.000900    3.056  Sh +0.4500 p 0.0020  Sh +0.2200 p 0.0470
    0.001000    2.751  Sh +0.5000 p 0.0010  Sh +0.2900 p 0.0180
    0.001100    2.501  Sh +0.4700 p 0.0020  Sh +0.2900 p 0.0120
    0.001200    2.292  Sh +0.4800 p 0.0010  Sh +0.2700 p 0.0240
    0.001300    2.116  Sh +0.4200 p 0.0010  Sh +0.2800 p 0.0260
    0.001400    1.965  Sh +0.4200 p 0.0010  Sh +0.2600 p 0.0300

==============================================================================
DESCRIPTION (long-history universe)
==============================================================================
  range +0.2200 .. +0.3000   spread 0.0800
  largest step between adjacent lambdas: 0.0700 (between 0.000900 and 0.001000)
  interior local minima at lambda: 0.000900 (+0.2200), 0.001200 (+0.2700)

  INCUMBENT re-run: Sharpe +0.2500  (ladder run reported +0.2500)

  This scan DESCRIBES the surface. It does not license a claim about
  which lambda is better -- that question is answered by the
  registered ladder, and its verdict stands regardless of what is
  above.
==============================================================================

  -> /Users/hsuweiting/Projects/regime-aware-signal/docs/fine_lambda_sweep_results.md
  -> /Users/hsuweiting/Projects/regime-aware-signal/processed/fine_lambda_sweep.json
